exports[`test Navigation Snapshot matchs 1`] = `
<nav>
  <a
    className="btn"
    href="/"
    onClick={[Function]}>
    Albums
  </a>
  <a
    className="btn"
    href="/about"
    onClick={[Function]}>
    About
  </a>
  <input
    max={6}
    min={2}
    onChange={[Function]}
    style={
      Object {
        "display": "auto",
      }
    }
    type="range"
    value={4} />
</nav>
`;
